conversation: UNDEFINED